lib/data.ts(6,5): error TS2739: Type '{ id: string; asset: string; issue: string; priority: "Alta"; sector: string; status: "Aberto"; date: string; technician: string; }' is missing the following properties from type 'WorkOrder': maintenance_category, failure_type
lib/data.ts(16,5): error TS2739: Type '{ id: string; asset: string; issue: string; priority: "M├®dia"; sector: string; status: "Aberto"; date: string; technician: string; }' is missing the following properties from type 'WorkOrder': maintenance_category, failure_type
lib/data.ts(27,5): error TS2739: Type '{ id: string; asset: string; issue: string; priority: "M├®dia"; sector: string; status: "Em Progresso"; date: string; technician: string; technicianAvatar: string; }' is missing the following properties from type 'WorkOrder': maintenance_category, failure_type
lib/data.ts(38,5): error TS2739: Type '{ id: string; asset: string; issue: string; priority: "Cr├¡tica"; sector: string; status: "Pendente"; date: string; technician: string; }' is missing the following properties from type 'WorkOrder': maintenance_category, failure_type
lib/data.ts(49,5): error TS2739: Type '{ id: string; asset: string; issue: string; priority: "Baixa"; sector: string; status: "Conclu├¡do"; date: string; technician: string; technicianAvatar: string; }' is missing the following properties from type 'WorkOrder': maintenance_category, failure_type
lib/data.ts(60,5): error TS2739: Type '{ id: string; asset: string; issue: string; priority: "Baixa"; sector: string; status: "Conclu├¡do"; date: string; technician: string; technicianAvatar: string; }' is missing the following properties from type 'WorkOrder': maintenance_category, failure_type
lib/supabase.ts(4,33): error TS2339: Property 'env' does not exist on type 'ImportMeta'.
lib/supabase.ts(5,37): error TS2339: Property 'env' does not exist on type 'ImportMeta'.
pages/PublicReports.tsx(50,14): error TS2339: Property 'state' does not exist on type 'ErrorBoundary'.
pages/PublicReports.tsx(62,18): error TS2339: Property 'state' does not exist on type 'ErrorBoundary'.
pages/PublicReports.tsx(67,31): error TS2339: Property 'state' does not exist on type 'ErrorBoundary'.
pages/PublicReports.tsx(67,51): error TS2339: Property 'state' does not exist on type 'ErrorBoundary'.
pages/PublicReports.tsx(79,21): error TS2339: Property 'props' does not exist on type 'ErrorBoundary'.
pages/Reports.tsx(51,14): error TS2339: Property 'state' does not exist on type 'ErrorBoundary'.
pages/Reports.tsx(63,18): error TS2339: Property 'state' does not exist on type 'ErrorBoundary'.
pages/Reports.tsx(68,31): error TS2339: Property 'state' does not exist on type 'ErrorBoundary'.
pages/Reports.tsx(68,51): error TS2339: Property 'state' does not exist on type 'ErrorBoundary'.
pages/Reports.tsx(80,21): error TS2339: Property 'props' does not exist on type 'ErrorBoundary'.
supabase/functions/send-notification/index.ts(1,23): error TS2307: Cannot find module 'https://deno.land/std@0.168.0/http/server.ts' or its corresponding type declarations.
supabase/functions/send-notification/index.ts(2,30): error TS2307: Cannot find module 'https://esm.sh/@supabase/supabase-js@2' or its corresponding type declarations.
supabase/functions/send-notification/index.ts(49,13): error TS2304: Cannot find name 'Deno'.
supabase/functions/send-notification/index.ts(50,13): error TS2304: Cannot find name 'Deno'.
supabase/functions/send-notification/index.ts(96,45): error TS2339: Property 'email' does not exist on type 'unknown'.
supabase/functions/send-notification/index.ts(96,62): error TS2339: Property 'email' does not exist on type 'unknown'.
supabase/functions/send-notification/index.ts(96,93): error TS2339: Property 'email' does not exist on type 'unknown'.
supabase/functions/send-notification/index.ts(103,48): error TS2339: Property 'phone' does not exist on type 'unknown'.
supabase/functions/send-notification/index.ts(103,65): error TS2339: Property 'phone' does not exist on type 'unknown'.
supabase/functions/send-notification/index.ts(103,96): error TS2339: Property 'phone' does not exist on type 'unknown'.
